mode: atomic
study/Transaction/internal/mapper/mapper.go:9.91,22.2 3 0
study/Transaction/internal/mapper/mapper.go:24.85,34.2 2 0
study/Transaction/internal/mapper/mapper.go:36.86,39.32 2 0
study/Transaction/internal/mapper/mapper.go:39.32,50.3 4 0
study/Transaction/internal/mapper/mapper.go:52.2,52.12 1 0
study/Transaction/internal/mapper/mapper.go:55.85,58.25 2 0
study/Transaction/internal/mapper/mapper.go:58.25,61.3 2 0
study/Transaction/internal/mapper/mapper.go:63.2,63.12 1 0
study/Transaction/internal/account/account.go:13.51,17.2 1 0
study/Transaction/internal/account/account.go:19.81,21.16 2 0
study/Transaction/internal/account/account.go:21.16,23.3 1 0
study/Transaction/internal/account/account.go:25.2,25.25 1 0
study/Transaction/internal/account/account.go:28.114,34.16 2 0
study/Transaction/internal/account/account.go:34.16,36.3 1 0
study/Transaction/internal/account/account.go:38.2,38.25 1 0
study/Transaction/internal/account/account.go:41.115,47.16 2 0
study/Transaction/internal/account/account.go:47.16,49.3 1 0
study/Transaction/internal/account/account.go:51.2,51.25 1 0
study/Transaction/internal/account/account.go:54.129,63.2 2 0
study/Transaction/internal/repository/repository.go:21.63,26.2 1 0
study/Transaction/internal/repository/repository.go:28.124,32.26 3 0
study/Transaction/internal/repository/repository.go:32.26,34.3 1 0
study/Transaction/internal/repository/repository.go:36.2,36.24 1 0
study/Transaction/internal/repository/repository.go:36.24,38.3 1 0
study/Transaction/internal/repository/repository.go:40.2,40.26 1 0
study/Transaction/internal/repository/repository.go:40.26,42.3 1 0
study/Transaction/internal/repository/repository.go:44.2,44.28 1 0
study/Transaction/internal/repository/repository.go:44.28,46.3 1 0
study/Transaction/internal/repository/repository.go:48.2,48.26 1 0
study/Transaction/internal/repository/repository.go:48.26,50.3 1 0
study/Transaction/internal/repository/repository.go:52.2,58.22 2 0
study/Transaction/internal/repository/repository.go:58.22,61.3 2 0
study/Transaction/internal/repository/repository.go:63.2,63.58 1 0
study/Transaction/internal/repository/repository.go:66.121,75.50 4 0
study/Transaction/internal/repository/repository.go:75.50,77.3 1 0
study/Transaction/internal/repository/repository.go:77.8,77.29 1 0
study/Transaction/internal/repository/repository.go:77.29,79.3 1 0
study/Transaction/internal/repository/repository.go:81.2,85.22 2 0
study/Transaction/internal/repository/repository.go:85.22,87.3 1 0
study/Transaction/internal/repository/repository.go:89.2,92.8 1 0
study/Transaction/internal/repository/repository.go:95.113,98.67 2 0
study/Transaction/internal/repository/repository.go:98.67,109.23 4 0
study/Transaction/internal/repository/repository.go:109.23,112.4 2 0
study/Transaction/internal/repository/repository.go:114.3,123.23 4 0
study/Transaction/internal/repository/repository.go:123.23,126.4 2 0
study/Transaction/internal/repository/repository.go:128.3,129.23 2 0
study/Transaction/internal/repository/repository.go:129.23,132.4 2 0
study/Transaction/internal/repository/repository.go:134.3,138.13 2 0
study/Transaction/internal/repository/repository.go:140.2,140.16 1 0
study/Transaction/internal/repository/repository.go:140.16,142.3 1 0
study/Transaction/internal/repository/repository.go:144.2,144.20 1 0
study/Transaction/internal/repository/repository.go:147.115,150.67 2 0
study/Transaction/internal/repository/repository.go:150.67,160.23 4 0
study/Transaction/internal/repository/repository.go:160.23,163.4 2 0
study/Transaction/internal/repository/repository.go:165.3,174.23 4 0
study/Transaction/internal/repository/repository.go:174.23,177.4 2 0
study/Transaction/internal/repository/repository.go:179.3,188.23 4 0
study/Transaction/internal/repository/repository.go:188.23,191.4 2 0
study/Transaction/internal/repository/repository.go:193.3,195.23 3 0
study/Transaction/internal/repository/repository.go:195.23,198.4 2 0
study/Transaction/internal/repository/repository.go:200.3,208.13 2 0
study/Transaction/internal/repository/repository.go:211.2,211.16 1 0
study/Transaction/internal/repository/repository.go:211.16,213.3 1 0
study/Transaction/internal/repository/repository.go:215.2,215.20 1 0
study/Transaction/internal/repository/repository.go:218.115,221.67 2 0
study/Transaction/internal/repository/repository.go:221.67,231.23 4 0
study/Transaction/internal/repository/repository.go:231.23,234.4 2 0
study/Transaction/internal/repository/repository.go:236.3,245.23 4 0
study/Transaction/internal/repository/repository.go:245.23,248.4 2 0
study/Transaction/internal/repository/repository.go:250.3,252.23 3 0
study/Transaction/internal/repository/repository.go:252.23,255.4 2 0
study/Transaction/internal/repository/repository.go:257.3,263.13 2 0
study/Transaction/internal/repository/repository.go:266.2,266.16 1 0
study/Transaction/internal/repository/repository.go:266.16,268.3 1 0
study/Transaction/internal/repository/repository.go:270.2,270.20 1 0
study/Transaction/internal/repository/repository.go:273.128,279.22 2 0
study/Transaction/internal/repository/repository.go:279.22,281.3 1 0
study/Transaction/internal/repository/repository.go:283.2,283.27 1 0
study/Transaction/internal/repository/repository.go:283.27,285.3 1 0
study/Transaction/internal/repository/repository.go:287.2,287.12 1 0
study/Transaction/internal/repository/model/model.go:15.39,17.2 1 0
study/Transaction/internal/repository/model/model.go:29.44,31.2 1 0
study/Transaction/internal/repository/model/model.go:37.45,39.2 1 0
study/Transaction/internal/config/config.go:23.30,24.46 1 0
study/Transaction/internal/config/config.go:24.46,26.3 1 0
study/Transaction/internal/config/config.go:28.2,31.16 3 0
study/Transaction/internal/config/config.go:31.16,33.3 1 0
study/Transaction/internal/config/config.go:35.2,35.19 1 0
study/Transaction/internal/server/server.go:19.87,24.2 1 0
study/Transaction/internal/server/server.go:33.106,35.16 2 0
study/Transaction/internal/server/server.go:35.16,37.3 1 0
study/Transaction/internal/server/server.go:39.2,39.30 1 0
study/Transaction/internal/server/server.go:42.108,44.16 2 0
study/Transaction/internal/server/server.go:44.16,46.3 1 0
study/Transaction/internal/server/server.go:47.2,47.30 1 0
study/Transaction/internal/server/server.go:50.108,52.16 2 0
study/Transaction/internal/server/server.go:52.16,54.3 1 0
study/Transaction/internal/server/server.go:55.2,55.30 1 0
study/Transaction/internal/server/server.go:58.146,60.16 2 0
study/Transaction/internal/server/server.go:60.16,62.3 1 0
study/Transaction/internal/server/server.go:64.2,68.8 2 0
study/Transaction/internal/kafka/config.go:34.61,41.2 1 0
study/Transaction/internal/kafka/config.go:43.94,55.2 1 0
study/Transaction/internal/kafka/consumer.go:16.51,18.2 1 0
study/Transaction/internal/kafka/consumer.go:22.72,39.2 2 0
study/Transaction/internal/kafka/consumer.go:41.85,44.6 2 0
study/Transaction/internal/kafka/consumer.go:44.6,45.10 1 0
study/Transaction/internal/kafka/consumer.go:46.21,48.20 2 0
study/Transaction/internal/kafka/consumer.go:49.11,51.18 2 0
study/Transaction/internal/kafka/consumer.go:51.18,54.13 3 0
study/Transaction/internal/kafka/consumer.go:57.4,57.44 1 0
study/Transaction/internal/kafka/consumer.go:57.44,63.5 1 0
study/Transaction/internal/kafka/consumer.go:63.10,69.5 1 0
study/Transaction/internal/kafka/consumer.go:74.34,75.21 1 0
study/Transaction/internal/kafka/consumer.go:75.21,77.3 1 0
study/Transaction/internal/kafka/consumer.go:78.2,78.12 1 0
study/Transaction/internal/kafka/kafka.go:26.95,33.2 1 0
study/Transaction/internal/kafka/kafka.go:35.88,37.2 1 0
study/Transaction/internal/kafka/kafka.go:39.92,44.12 4 0
study/Transaction/internal/kafka/kafka.go:44.12,46.95 2 0
study/Transaction/internal/kafka/kafka.go:46.95,48.4 1 0
study/Transaction/internal/kafka/kafka.go:49.3,49.38 1 0
study/Transaction/internal/kafka/kafka.go:52.2,52.12 1 0
study/Transaction/internal/kafka/kafka.go:55.31,56.23 1 0
study/Transaction/internal/kafka/kafka.go:56.23,57.44 1 0
study/Transaction/internal/kafka/kafka.go:57.44,59.4 1 0
study/Transaction/internal/kafka/kafka.go:61.2,61.12 1 0
study/Transaction/internal/kafka/producer.go:26.72,40.2 2 0
study/Transaction/internal/kafka/producer.go:42.72,51.38 2 0
study/Transaction/internal/kafka/producer.go:51.38,53.3 1 0
study/Transaction/internal/kafka/producer.go:55.2,56.16 2 0
study/Transaction/internal/kafka/producer.go:56.16,59.3 2 0
study/Transaction/internal/kafka/producer.go:61.2,63.12 2 0
study/Transaction/internal/kafka/producer.go:66.107,68.16 2 0
study/Transaction/internal/kafka/producer.go:68.16,70.3 1 0
study/Transaction/internal/kafka/producer.go:72.2,81.32 2 0
study/Transaction/internal/kafka/producer.go:84.34,85.21 1 0
study/Transaction/internal/kafka/producer.go:85.21,87.3 1 0
study/Transaction/internal/kafka/producer.go:89.2,89.12 1 0
study/Transaction/cmd/main.go:14.13,18.16 3 0
study/Transaction/cmd/main.go:18.16,20.3 1 0
study/Transaction/cmd/main.go:22.2,26.45 3 0
study/Transaction/cmd/main.go:26.45,28.3 1 0
study/Transaction/internal/service/mocks/mocks.go:33.65,37.2 3 0
study/Transaction/internal/service/mocks/mocks.go:40.63,42.2 1 0
study/Transaction/internal/service/mocks/mocks.go:45.116,51.2 5 0
study/Transaction/internal/service/mocks/mocks.go:54.76,57.2 2 0
study/Transaction/internal/service/mocks/mocks.go:60.117,66.2 5 0
study/Transaction/internal/service/mocks/mocks.go:69.90,72.2 2 0
study/Transaction/internal/service/mocks/mocks.go:75.127,81.2 5 0
study/Transaction/internal/service/mocks/mocks.go:84.84,87.2 2 0
study/Transaction/internal/service/mocks/mocks.go:90.118,96.2 5 0
study/Transaction/internal/service/mocks/mocks.go:99.77,102.2 2 0
study/Transaction/internal/service/mocks/mocks.go:105.122,110.2 4 0
study/Transaction/internal/service/mocks/mocks.go:113.99,116.2 2 0
study/Transaction/internal/service/mocks/mocks.go:119.118,125.2 5 0
study/Transaction/internal/service/mocks/mocks.go:128.77,131.2 2 0
study/Transaction/internal/service/mocks/mocks.go:146.73,150.2 3 0
study/Transaction/internal/service/mocks/mocks.go:153.71,155.2 1 0
study/Transaction/internal/service/mocks/mocks.go:158.92,164.2 5 0
study/Transaction/internal/service/mocks/mocks.go:167.84,170.2 2 0
study/Transaction/internal/service/mocks/mocks.go:185.73,189.2 3 0
study/Transaction/internal/service/mocks/mocks.go:192.71,194.2 1 0
study/Transaction/internal/service/mocks/mocks.go:197.94,202.2 4 0
study/Transaction/internal/service/mocks/mocks.go:205.91,208.2 2 0
study/Transaction/internal/repository/mapper/mapper.go:8.85,11.31 2 0
study/Transaction/internal/repository/mapper/mapper.go:11.31,14.3 2 0
study/Transaction/internal/repository/mapper/mapper.go:15.2,15.21 1 0
study/Transaction/internal/repository/mapper/mapper.go:18.86,21.25 2 0
study/Transaction/internal/repository/mapper/mapper.go:21.25,24.3 2 0
study/Transaction/internal/repository/mapper/mapper.go:25.2,25.17 1 0
study/Transaction/internal/repository/mapper/mapper.go:28.89,38.2 1 0
study/Transaction/internal/repository/mapper/mapper.go:40.66,50.2 1 0
study/Transaction/internal/repository/mapper/mapper.go:52.68,59.2 1 0
study/Transaction/internal/repository/mapper/mapper.go:61.83,71.2 1 0
study/Transaction/internal/repository/mapper/mapper.go:73.88,77.2 1 0
study/Transaction/internal/app/app.go:36.59,41.2 1 0
study/Transaction/internal/app/app.go:43.46,45.16 2 0
study/Transaction/internal/app/app.go:45.16,47.3 1 0
study/Transaction/internal/app/app.go:49.2,50.16 2 0
study/Transaction/internal/app/app.go:50.16,52.3 1 0
study/Transaction/internal/app/app.go:54.2,55.16 2 0
study/Transaction/internal/app/app.go:55.16,57.3 1 0
study/Transaction/internal/app/app.go:59.2,63.16 4 0
study/Transaction/internal/app/app.go:63.16,65.3 1 0
study/Transaction/internal/app/app.go:67.2,70.12 3 0
study/Transaction/internal/app/app.go:70.12,72.3 1 0
study/Transaction/internal/app/app.go:74.2,74.9 1 0
study/Transaction/internal/app/app.go:75.20,77.19 2 0
study/Transaction/internal/app/app.go:78.28,79.17 1 0
study/Transaction/internal/app/app.go:79.17,81.4 1 0
study/Transaction/internal/app/app.go:84.2,84.12 1 0
study/Transaction/internal/app/app.go:87.56,88.53 1 0
study/Transaction/internal/app/app.go:88.53,90.3 1 0
study/Transaction/internal/app/app.go:92.2,93.16 2 0
study/Transaction/internal/app/app.go:93.16,95.3 1 0
study/Transaction/internal/app/app.go:97.2,97.65 1 0
study/Transaction/internal/app/app.go:97.65,99.3 1 0
study/Transaction/internal/app/app.go:101.2,101.12 1 0
study/Transaction/internal/app/app.go:104.76,105.30 1 0
study/Transaction/internal/app/app.go:105.30,106.46 1 0
study/Transaction/internal/app/app.go:106.46,108.4 1 0
study/Transaction/internal/app/app.go:110.3,111.17 2 0
study/Transaction/internal/app/app.go:111.17,113.4 1 0
study/Transaction/internal/app/app.go:115.3,115.55 1 0
study/Transaction/internal/app/app.go:118.2,118.31 1 0
study/Transaction/internal/app/app.go:121.76,122.29 1 0
study/Transaction/internal/app/app.go:122.29,124.17 2 0
study/Transaction/internal/app/app.go:124.17,126.4 1 0
study/Transaction/internal/app/app.go:128.3,129.41 2 0
study/Transaction/internal/app/app.go:132.2,132.30 1 0
study/Transaction/internal/app/app.go:135.95,136.33 1 0
study/Transaction/internal/app/app.go:136.33,138.17 2 0
study/Transaction/internal/app/app.go:138.17,140.4 1 0
study/Transaction/internal/app/app.go:142.3,143.17 2 0
study/Transaction/internal/app/app.go:143.17,145.4 1 0
study/Transaction/internal/app/app.go:147.3,148.17 2 0
study/Transaction/internal/app/app.go:148.17,150.4 1 0
study/Transaction/internal/app/app.go:152.3,153.33 2 0
study/Transaction/internal/app/app.go:156.2,156.34 1 0
study/Transaction/internal/app/app.go:159.70,160.32 1 0
study/Transaction/internal/app/app.go:160.32,162.17 2 0
study/Transaction/internal/app/app.go:162.17,164.4 1 0
study/Transaction/internal/app/app.go:166.3,167.31 2 0
study/Transaction/internal/app/app.go:170.2,170.33 1 0
study/Transaction/internal/app/app.go:173.53,178.2 3 0
study/Transaction/internal/app/app.go:180.54,181.23 1 0
study/Transaction/internal/app/app.go:181.23,186.3 4 0
study/Transaction/internal/app/app.go:188.2,188.24 1 0
study/Transaction/internal/app/app.go:191.29,192.25 1 0
study/Transaction/internal/app/app.go:192.25,194.3 1 0
study/Transaction/internal/app/app.go:196.2,196.23 1 0
study/Transaction/internal/app/app.go:196.23,198.17 2 0
study/Transaction/internal/app/app.go:198.17,200.4 1 0
study/Transaction/internal/app/app.go:202.2,202.12 1 0
study/Transaction/internal/migrations/20260519021157_initdb.go:10.13,12.2 1 0
study/Transaction/internal/migrations/20260519021157_initdb.go:14.70,26.16 2 0
study/Transaction/internal/migrations/20260519021157_initdb.go:26.16,28.3 1 0
study/Transaction/internal/migrations/20260519021157_initdb.go:30.2,43.16 2 0
study/Transaction/internal/migrations/20260519021157_initdb.go:43.16,45.3 1 0
study/Transaction/internal/migrations/20260519021157_initdb.go:47.2,53.16 2 0
study/Transaction/internal/migrations/20260519021157_initdb.go:53.16,55.3 1 0
study/Transaction/internal/migrations/20260519021157_initdb.go:57.2,63.12 2 0
study/Transaction/internal/migrations/20260519021157_initdb.go:66.72,78.28 2 0
study/Transaction/internal/migrations/20260519021157_initdb.go:78.28,80.17 2 0
study/Transaction/internal/migrations/20260519021157_initdb.go:80.17,82.4 1 0
study/Transaction/internal/migrations/20260519021157_initdb.go:85.2,89.28 2 0
study/Transaction/internal/migrations/20260519021157_initdb.go:89.28,91.17 2 0
study/Transaction/internal/migrations/20260519021157_initdb.go:91.17,93.4 1 0
study/Transaction/internal/migrations/20260519021157_initdb.go:96.2,96.12 1 0
study/Transaction/internal/logger/logger.go:12.27,16.43 1 0
study/Transaction/internal/logger/logger.go:16.43,17.16 1 0
study/Transaction/internal/logger/logger.go:17.16,19.5 1 0
study/Transaction/internal/logger/logger.go:21.4,22.17 2 0
study/Transaction/internal/logger/logger.go:23.16,24.50 1 0
study/Transaction/internal/logger/logger.go:25.16,26.51 1 0
study/Transaction/internal/logger/logger.go:27.17,28.48 1 0
study/Transaction/internal/logger/logger.go:29.17,30.49 1 0
study/Transaction/internal/logger/logger.go:31.12,32.17 1 0
study/Transaction/internal/logger/logger.go:37.2,40.12 3 0
